<html>
<body>
<pre>
<h1>礦ision Build Log</h1>
<h2>Tool Versions:</h2>
IDE-Version: μVision V5.21.1.0
Copyright (C) 2016 ARM Ltd and ARM Germany GmbH. All rights reserved.
License Information: 1 微软用户, 微软中国, LIC=58545-G8BUG-H89FS-LPHBL-B6KJR-M3QXP
 
Tool Versions:
Toolchain:       MDK-ARM Plus  Version: 5.21a
Toolchain Path:  E:\Keil_v5\ARM\ARMCC\Bin
C Compiler:      Armcc.exe V5.06 update 3 (build 300)
Assembler:       Armasm.exe V5.06 update 3 (build 300)
Linker/Locator:  ArmLink.exe V5.06 update 3 (build 300)
Library Manager: ArmAr.exe V5.06 update 3 (build 300)
Hex Converter:   FromElf.exe V5.06 update 3 (build 300)
CPU DLL:         SARMCM3.DLL V5.21a
Dialog DLL:      DARMP1.DLL V1.26.0.0
Target DLL:      UL2CM3.DLL V1.158.5.0
Dialog DLL:      TARMP1.DLL V1.25.0.0
 
<h2>Project:</h2>
C:\Users\wl\Desktop\jiasan_10nm\RV\维斗出厂15Nm_1704.uvproj
Project File Date:  05/29/2018

<h2>Output:</h2>
*** Using Compiler 'V5.06 update 3 (build 300)', folder: 'E:\Keil_v5\ARM\ARMCC\Bin'
Rebuild target 'Target 1'
compiling CS5460.C...
..\CS5460.C(44): warning:  #550-D: variable "aa" was set but never used
  {	uint8	aa;
..\CS5460.C: 1 warning, 0 errors
compiling HAL.C...
compiling display.c...
assembling startup_LPC17xx.s...
assembling Zk.S...
compiling Setting.c...
compiling main.c...
linking...
Program Size: Code=81412 RO-data=840 RW-data=588 ZI-data=7548  
FromELF: creating hex file...
".\Objects\维斗出厂15Nm_1704.axf" - 0 Error(s), 1 Warning(s).
Build Time Elapsed:  00:00:03
</pre>
</body>
</html>
