Component: ARM Compiler 5.06 update 3 (build 300) Tool: armlink [4d35c9]

==============================================================================

Section Cross References

    cs5460.o(i.Read_ResultM) refers to main.o(.data) for FlagMs2
    cs5460.o(i.Read_ResultM) refers to cs5460.o(.data) for state1
    cs5460.o(i.Read_ResultM) refers to main.o(.constdata) for Wresult
    cs5460.o(i.Read_ResultV) refers to fflt_clz.o(x$fpl$ffltu) for __aeabi_ui2f
    cs5460.o(i.Read_ResultV) refers to main.o(.data) for Uart1_OK
    cs5460.o(i.Read_ResultV) refers to main.o(.bss) for Sx
    cs5460.o(i.Read_ResultV) refers to cs5460.o(.data) for state0
    cs5460.o(i.Read_ResultV) refers to main.o(.constdata) for Wresult
    cs5460.o(i.SSP0_Isr) refers to cs5460.o(.data) for state0
    cs5460.o(i.SSP0_Isr) refers to main.o(.data) for Spi0Byte
    cs5460.o(i.SSP0_Isr) refers to main.o(.bss) for RresultV
    cs5460.o(i.SSP0_Isr) refers to main.o(.constdata) for Wresult
    cs5460.o(i.SSP1_Isr) refers to fflt_clz.o(x$fpl$fflt) for __aeabi_i2f
    cs5460.o(i.SSP1_Isr) refers to fmul.o(x$fpl$fmul) for __aeabi_fmul
    cs5460.o(i.SSP1_Isr) refers to faddsub_clz.o(x$fpl$fsub) for __aeabi_fsub
    cs5460.o(i.SSP1_Isr) refers to faddsub_clz.o(x$fpl$fadd) for __aeabi_fadd
    cs5460.o(i.SSP1_Isr) refers to cs5460.o(.data) for state1
    cs5460.o(i.SSP1_Isr) refers to main.o(.data) for Spi1Byte
    cs5460.o(i.SSP1_Isr) refers to main.o(.bss) for RresultM
    cs5460.o(i.SSP1_Isr) refers to main.o(.constdata) for Wresult
    display.o(i.ManualSetingDisplay) refers to lcd.o(i.clear_Lcd) for clear_Lcd
    display.o(i.ManualSetingDisplay) refers to lcd.o(i.putString) for putString
    display.o(i.ManualSetingDisplay) refers to lcd.o(i.putHLine) for putHLine
    display.o(i.ManualSetingDisplay) refers to lcd.o(i.verString) for verString
    display.o(i.ManualSetingDisplay) refers to main.o(.data) for HTAB
    display.o(i.showCalib00) refers to lcd.o(i.clear_Lcd) for clear_Lcd
    display.o(i.showCalib00) refers to lcd.o(i.putString) for putString
    display.o(i.showCalib00) refers to lcd.o(i.putHLine) for putHLine
    display.o(i.showCalib00) refers to lcd.o(i.verEng) for verEng
    display.o(i.showCalib00) refers to lcd.o(i.verString) for verString
    display.o(i.showCalib00) refers to main.o(.data) for HTAB
    display.o(i.showCalib01) refers to lcd.o(i.clear_Lcd) for clear_Lcd
    display.o(i.showCalib01) refers to lcd.o(i.putString) for putString
    display.o(i.showCalib01) refers to lcd.o(i.putHLine) for putHLine
    display.o(i.showCalib01) refers to lcd.o(i.verEng) for verEng
    display.o(i.showCalib01) refers to lcd.o(i.verString) for verString
    display.o(i.showCalib01) refers to main.o(.data) for HTAB
    display.o(i.showConstant1) refers to lcd.o(i.clear_Lcd) for clear_Lcd
    display.o(i.showConstant1) refers to lcd.o(i.putString) for putString
    display.o(i.showConstant1) refers to lcd.o(i.putHLine) for putHLine
    display.o(i.showConstant1) refers to lcd.o(i.verString) for verString
    display.o(i.showConstant1) refers to main.o(.data) for HTAB
    display.o(i.showConstant2) refers to lcd.o(i.clear_Lcd) for clear_Lcd
    display.o(i.showConstant2) refers to lcd.o(i.putString) for putString
    display.o(i.showConstant2) refers to lcd.o(i.putHLine) for putHLine
    display.o(i.showConstant2) refers to lcd.o(i.putEng) for putEng
    display.o(i.showConstant2) refers to lcd.o(i.verString) for verString
    display.o(i.showConstant2) refers to main.o(.data) for HTAB
    display.o(i.showConstant3) refers to lcd.o(i.clear_Lcd) for clear_Lcd
    display.o(i.showConstant3) refers to lcd.o(i.putString) for putString
    display.o(i.showConstant3) refers to lcd.o(i.putHLine) for putHLine
    display.o(i.showConstant3) refers to lcd.o(i.verString) for verString
    display.o(i.showConstant3) refers to main.o(.data) for HTAB
    display.o(i.showDynaCalib) refers to lcd.o(i.clear_Lcd) for clear_Lcd
    display.o(i.showDynaCalib) refers to lcd.o(i.putString) for putString
    display.o(i.showDynaCalib) refers to lcd.o(i.putHLine) for putHLine
    display.o(i.showDynaCalib) refers to lcd.o(i.putEng) for putEng
    display.o(i.showDynaCalib) refers to lcd.o(i.verString) for verString
    display.o(i.showDynaCalib) refers to main.o(.data) for HTAB
    display.o(i.showDynamo) refers to lcd.o(i.clear_Lcd) for clear_Lcd
    display.o(i.showDynamo) refers to lcd.o(i.putString) for putString
    display.o(i.showDynamo) refers to lcd.o(i.putHLine) for putHLine
    display.o(i.showDynamo) refers to lcd.o(i.verString) for verString
    display.o(i.showDynamo) refers to main.o(.data) for VTAB
    display.o(i.showPG00) refers to lcd.o(i.clear_Lcd) for clear_Lcd
    display.o(i.showPG00) refers to lcd.o(i.putString) for putString
    display.o(i.showPG00) refers to lcd.o(i.putHLine) for putHLine
    display.o(i.showPG00) refers to lcd.o(i.verString) for verString
    display.o(i.showPG00) refers to main.o(.data) for HTAB
[...]
    __scatterload                            0x000000d5   Thumb Code     0  __scatter.o(!!!scatter)
    __scatterload_rt2                        0x000000d5   Thumb Code    44  __scatter.o(!!!scatter)
    __scatterload_rt2_thumb_only             0x000000d5   Thumb Code     0  __scatter.o(!!!scatter)
    __scatterload_null                       0x000000e3   Thumb Code     0  __scatter.o(!!!scatter)
    __decompress                             0x00000109   Thumb Code    58  __dczerorl.o(!!dczerorl)
    __decompress0                            0x00000109   Thumb Code     0  __dczerorl.o(!!dczerorl)
    __scatterload_zeroinit                   0x00000145   Thumb Code    28  __scatter_zi.o(!!handler_zi)
    _printf_f                                0x00000161   Thumb Code     0  _printf_f.o(.ARM.Collect$$_printf_percent$$00000003)
    _printf_percent                          0x00000161   Thumb Code     0  _printf_percent.o(.ARM.Collect$$_printf_percent$$00000000)
    _printf_d                                0x00000167   Thumb Code     0  _printf_d.o(.ARM.Collect$$_printf_percent$$00000009)
    _printf_percent_end                      0x0000016d   Thumb Code     0  _printf_percent_end.o(.ARM.Collect$$_printf_percent$$00000017)
    __rt_lib_init                            0x00000171   Thumb Code     0  libinit.o(.ARM.Collect$$libinit$$00000000)
    __rt_lib_init_fp_1                       0x00000173   Thumb Code     0  libinit2.o(.ARM.Collect$$libinit$$00000002)
    __rt_lib_init_heap_1                     0x00000173   Thumb Code     0  libinit2.o(.ARM.Collect$$libinit$$0000000A)
    __rt_lib_init_lc_common                  0x00000173   Thumb Code     0  libinit2.o(.ARM.Collect$$libinit$$0000000F)
    __rt_lib_init_preinit_1                  0x00000173   Thumb Code     0  libinit2.o(.ARM.Collect$$libinit$$00000004)
    __rt_lib_init_rand_1                     0x00000173   Thumb Code     0  libinit2.o(.ARM.Collect$$libinit$$0000000E)
    __rt_lib_init_user_alloc_1               0x00000173   Thumb Code     0  libinit2.o(.ARM.Collect$$libinit$$0000000C)
    __rt_lib_init_lc_collate_1               0x00000179   Thumb Code     0  libinit2.o(.ARM.Collect$$libinit$$00000011)
    __rt_lib_init_lc_ctype_2                 0x00000179   Thumb Code     0  libinit2.o(.ARM.Collect$$libinit$$00000012)
    __rt_lib_init_lc_ctype_1                 0x00000185   Thumb Code     0  libinit2.o(.ARM.Collect$$libinit$$00000013)
    __rt_lib_init_lc_monetary_1              0x00000185   Thumb Code     0  libinit2.o(.ARM.Collect$$libinit$$00000015)
    __rt_lib_init_lc_numeric_2               0x00000185   Thumb Code     0  libinit2.o(.ARM.Collect$$libinit$$00000016)
    __rt_lib_init_alloca_1                   0x0000018f   Thumb Code     0  libinit2.o(.ARM.Collect$$libinit$$0000002E)
    __rt_lib_init_argv_1                     0x0000018f   Thumb Code     0  libinit2.o(.ARM.Collect$$libinit$$0000002C)
    __rt_lib_init_atexit_1                   0x0000018f   Thumb Code     0  libinit2.o(.ARM.Collect$$libinit$$0000001B)
    __rt_lib_init_clock_1                    0x0000018f   Thumb Code     0  libinit2.o(.ARM.Collect$$libinit$$00000021)
    __rt_lib_init_cpp_1                      0x0000018f   Thumb Code     0  libinit2.o(.ARM.Collect$$libinit$$00000032)
    __rt_lib_init_exceptions_1               0x0000018f   Thumb Code     0  libinit2.o(.ARM.Collect$$libinit$$00000030)
    __rt_lib_init_fp_trap_1                  0x0000018f   Thumb Code     0  libinit2.o(.ARM.Collect$$libinit$$0000001F)
    __rt_lib_init_getenv_1                   0x0000018f   Thumb Code     0  libinit2.o(.ARM.Collect$$libinit$$00000023)
    __rt_lib_init_lc_numeric_1               0x0000018f   Thumb Code     0  libinit2.o(.ARM.Collect$$libinit$$00000017)
    __rt_lib_init_lc_time_1                  0x0000018f   Thumb Code     0  libinit2.o(.ARM.Collect$$libinit$$00000019)
    __rt_lib_init_return                     0x0000018f   Thumb Code     0  libinit2.o(.ARM.Collect$$libinit$$00000033)
    __rt_lib_init_signal_1                   0x0000018f   Thumb Code     0  libinit2.o(.ARM.Collect$$libinit$$0000001D)
    __rt_lib_init_stdio_1                    0x0000018f   Thumb Code     0  libinit2.o(.ARM.Collect$$libinit$$00000025)
    __rt_lib_shutdown                        0x00000191   Thumb Code     0  libshutdown.o(.ARM.Collect$$libshutdown$$00000000)
    __rt_lib_shutdown_cpp_1                  0x00000193   Thumb Code     0  libshutdown2.o(.ARM.Collect$$libshutdown$$00000002)
    __rt_lib_shutdown_fp_trap_1              0x00000193   Thumb Code     0  libshutdown2.o(.ARM.Collect$$libshutdown$$00000007)
    __rt_lib_shutdown_heap_1                 0x00000193   Thumb Code     0  libshutdown2.o(.ARM.Collect$$libshutdown$$0000000F)
    __rt_lib_shutdown_return                 0x00000193   Thumb Code     0  libshutdown2.o(.ARM.Collect$$libshutdown$$00000010)
    __rt_lib_shutdown_signal_1               0x00000193   Thumb Code     0  libshutdown2.o(.ARM.Collect$$libshutdown$$0000000A)
    __rt_lib_shutdown_stdio_1                0x00000193   Thumb Code     0  libshutdown2.o(.ARM.Collect$$libshutdown$$00000004)
    __rt_lib_shutdown_user_alloc_1           0x00000193   Thumb Code     0  libshutdown2.o(.ARM.Collect$$libshutdown$$0000000C)
    __rt_entry                               0x00000195   Thumb Code     0  __rtentry.o(.ARM.Collect$$rtentry$$00000000)
    __rt_entry_presh_1                       0x00000195   Thumb Code     0  __rtentry2.o(.ARM.Collect$$rtentry$$00000002)
    __rt_entry_sh                            0x00000195   Thumb Code     0  __rtentry4.o(.ARM.Collect$$rtentry$$00000004)
    __rt_entry_li                            0x0000019b   Thumb Code     0  __rtentry2.o(.ARM.Collect$$rtentry$$0000000A)
    __rt_entry_postsh_1                      0x0000019b   Thumb Code     0  __rtentry2.o(.ARM.Collect$$rtentry$$00000009)
    __rt_entry_main                          0x0000019f   Thumb Code     0  __rtentry2.o(.ARM.Collect$$rtentry$$0000000D)
    __rt_entry_postli_1                      0x0000019f   Thumb Code     0  __rtentry2.o(.ARM.Collect$$rtentry$$0000000C)
    __rt_exit                                0x000001a7   Thumb Code     0  rtexit.o(.ARM.Collect$$rtexit$$00000000)
    __rt_exit_ls                             0x000001a9   Thumb Code     0  rtexit2.o(.ARM.Collect$$rtexit$$00000003)
    __rt_exit_prels_1                        0x000001a9   Thumb Code     0  rtexit2.o(.ARM.Collect$$rtexit$$00000002)
    __rt_exit_exit                           0x000001ad   Thumb Code     0  rtexit2.o(.ARM.Collect$$rtexit$$00000004)
    zyIrqDisable                             0x000001b5   Thumb Code     8  i2c.o(.emb_text)
    zyIrqEnable                              0x000001bd   Thumb Code     8  i2c.o(.emb_text)
    Reset_Handler                            0x000001c5   Thumb Code     4  startup_lpc17xx.o(.text)
    NMI_Handler                              0x000001c9   Thumb Code     2  startup_lpc17xx.o(.text)
    HardFault_Handler                        0x000001cb   Thumb Code     2  startup_lpc17xx.o(.text)
    MemManage_Handler                        0x000001cd   Thumb Code     2  startup_lpc17xx.o(.text)
    BusFault_Handler                         0x000001cf   Thumb Code     2  startup_lpc17xx.o(.text)
    UsageFault_Handler                       0x000001d1   Thumb Code     2  startup_lpc17xx.o(.text)
    SVC_Handler                              0x000001d3   Thumb Code     2  startup_lpc17xx.o(.text)
    DebugMon_Handler                         0x000001d5   Thumb Code     2  startup_lpc17xx.o(.text)
    PendSV_Handler                           0x000001d7   Thumb Code     2  startup_lpc17xx.o(.text)
    SysTick_Handler                          0x000001d9   Thumb Code     2  startup_lpc17xx.o(.text)
    ADC_IRQHandler                           0x000001db   Thumb Code     0  startup_lpc17xx.o(.text)
    BOD_IRQHandler                           0x000001db   Thumb Code     0  startup_lpc17xx.o(.text)
    CANActivity_IRQHandler                   0x000001db   Thumb Code     0  startup_lpc17xx.o(.text)
    CAN_IRQHandler                           0x000001db   Thumb Code     0  startup_lpc17xx.o(.text)
    DMA_IRQHandler                           0x000001db   Thumb Code     0  startup_lpc17xx.o(.text)
    EINT0_IRQHandler                         0x000001db   Thumb Code     0  startup_lpc17xx.o(.text)
    EINT1_IRQHandler                         0x000001db   Thumb Code     0  startup_lpc17xx.o(.text)
    EINT2_IRQHandler                         0x000001db   Thumb Code     0  startup_lpc17xx.o(.text)
    EINT3_IRQHandler                         0x000001db   Thumb Code     0  startup_lpc17xx.o(.text)
    ENET_IRQHandler                          0x000001db   Thumb Code     0  startup_lpc17xx.o(.text)
    I2C0_IRQHandler                          0x000001db   Thumb Code     0  startup_lpc17xx.o(.text)
    I2C1_IRQHandler                          0x000001db   Thumb Code     0  startup_lpc17xx.o(.text)
    I2C2_IRQHandler                          0x000001db   Thumb Code     0  startup_lpc17xx.o(.text)
    I2S_IRQHandler                           0x000001db   Thumb Code     0  startup_lpc17xx.o(.text)
    MCPWM_IRQHandler                         0x000001db   Thumb Code     0  startup_lpc17xx.o(.text)
    PLL0_IRQHandler                          0x000001db   Thumb Code     0  startup_lpc17xx.o(.text)
    PLL1_IRQHandler                          0x000001db   Thumb Code     0  startup_lpc17xx.o(.text)
    PWM1_IRQHandler                          0x000001db   Thumb Code     0  startup_lpc17xx.o(.text)
    QEI_IRQHandler                           0x000001db   Thumb Code     0  startup_lpc17xx.o(.text)
    RIT_IRQHandler                           0x000001db   Thumb Code     0  startup_lpc17xx.o(.text)
    RTC_IRQHandler                           0x000001db   Thumb Code     0  startup_lpc17xx.o(.text)
    SPI_IRQHandler                           0x000001db   Thumb Code     0  startup_lpc17xx.o(.text)
    SSP0_IRQHandler                          0x000001db   Thumb Code     0  startup_lpc17xx.o(.text)
    SSP1_IRQHandler                          0x000001db   Thumb Code     0  startup_lpc17xx.o(.text)
    TIMER0_IRQHandler                        0x000001db   Thumb Code     0  startup_lpc17xx.o(.text)
    TIMER1_IRQHandler                        0x000001db   Thumb Code     0  startup_lpc17xx.o(.text)
    TIMER2_IRQHandler                        0x000001db   Thumb Code     0  startup_lpc17xx.o(.text)
    TIMER3_IRQHandler                        0x000001db   Thumb Code     0  startup_lpc17xx.o(.text)
    UART0_IRQHandler                         0x000001db   Thumb Code     0  startup_lpc17xx.o(.text)
    UART1_IRQHandler                         0x000001db   Thumb Code     0  startup_lpc17xx.o(.text)
    UART2_IRQHandler                         0x000001db   Thumb Code     0  startup_lpc17xx.o(.text)
    UART3_IRQHandler                         0x000001db   Thumb Code     0  startup_lpc17xx.o(.text)
    USBActivity_IRQHandler                   0x000001db   Thumb Code     0  startup_lpc17xx.o(.text)
    USB_IRQHandler                           0x000001db   Thumb Code     0  startup_lpc17xx.o(.text)
    WDT_IRQHandler                           0x000001db   Thumb Code     0  startup_lpc17xx.o(.text)
    __user_initial_stackheap                 0x000001dd   Thumb Code     0  startup_lpc17xx.o(.text)
    __2sprintf                               0x000001f9   Thumb Code    34  noretval__2sprintf.o(.text)
    _printf_pre_padding                      0x00000221   Thumb Code    44  _printf_pad.o(.text)
    _printf_post_padding                     0x0000024d   Thumb Code    34  _printf_pad.o(.text)
    _printf_int_dec                          0x00000271   Thumb Code   104  _printf_dec.o(.text)
    __use_two_region_memory                  0x000002e9   Thumb Code     2  heapauxi.o(.text)
    __rt_heap_escrow$2region                 0x000002eb   Thumb Code     2  heapauxi.o(.text)
    __rt_heap_expand$2region                 0x000002ed   Thumb Code     2  heapauxi.o(.text)
    __aeabi_errno_addr                       0x000002f1   Thumb Code     8  rt_errno_addr_intlibspace.o(.text)
    __errno$intlibspace                      0x000002f1   Thumb Code     0  rt_errno_addr_intlibspace.o(.text)
    __rt_errno_addr$intlibspace              0x000002f1   Thumb Code     0  rt_errno_addr_intlibspace.o(.text)
    __I$use$semihosting                      0x000002f9   Thumb Code     0  use_no_semi.o(.text)
    __use_no_semihosting_swi                 0x000002f9   Thumb Code     2  use_no_semi.o(.text)
    SetDynamo                                0x000002fb   Thumb Code     2  setting.o(i.SetDynamo)
    __semihosting_library_function           0x000002fb   Thumb Code     0  indicate_semi.o(.text)
    __printf                                 0x00000301   Thumb Code   308  __printf_flags_wp.o(.text)
    atoi                                     0x00000439   Thumb Code    26  atoi.o(.text)
    __aeabi_memclr                           0x00000453   Thumb Code     0  rt_memclr.o(.text)
    __rt_memclr                              0x00000453   Thumb Code    68  rt_memclr.o(.text)
    _memset                                  0x00000457   Thumb Code     0  rt_memclr.o(.text)
    __aeabi_memclr4                          0x00000497   Thumb Code     0  rt_memclr_w.o(.text)
    __aeabi_memclr8                          0x00000497   Thumb Code     0  rt_memclr_w.o(.text)
    __rt_memclr_w                            0x00000497   Thumb Code    78  rt_memclr_w.o(.text)
    _memset_w                                0x0000049b   Thumb Code     0  rt_memclr_w.o(.text)
    __read_errno                             0x000004e5   Thumb Code    10  _rserrno.o(.text)
    __set_errno                              0x000004ef   Thumb Code    12  _rserrno.o(.text)
    _printf_int_common                       0x000004fb   Thumb Code   178  _printf_intcommon.o(.text)
    __lib_sel_fp_printf                      0x000005ad   Thumb Code     2  _printf_fp_dec.o(.text)
    _printf_fp_dec_real                      0x0000075b   Thumb Code   620  _printf_fp_dec.o(.text)
    _printf_char_common                      0x000009d3   Thumb Code    32  _printf_char_common.o(.text)
    _sputc                                   0x000009f9   Thumb Code    10  _sputc.o(.text)
    __strtod_int                             0x00000a41   Thumb Code    90  strtod.o(.text)
    strtol                                   0x00000aa9   Thumb Code   112  strtol.o(.text)
    __user_libspace                          0x00000b19   Thumb Code     8  libspace.o(.text)
    __user_perproc_libspace                  0x00000b19   Thumb Code     0  libspace.o(.text)
    __user_perthread_libspace                0x00000b19   Thumb Code     0  libspace.o(.text)
    __rt_ctype_table                         0x00000b21   Thumb Code    16  rt_ctype_table.o(.text)
    __rt_locale                              0x00000b31   Thumb Code     8  rt_locale_intlibspace.o(.text)
    _ll_udiv10                               0x00000b39   Thumb Code   138  lludiv10.o(.text)
    isspace                                  0x00000bc3   Thumb Code    18  isspace.o(.text)
    _printf_fp_infnan                        0x00000bd5   Thumb Code   112  _printf_fp_infnan.o(.text)
    _sgetc                                   0x00000c55   Thumb Code    30  _sgetc.o(.text)
    _sbackspace                              0x00000c73   Thumb Code    34  _sgetc.o(.text)
    _strtoul                                 0x00000c95   Thumb Code   158  _strtoul.o(.text)
    _btod_etento                             0x00000d35   Thumb Code   216  bigflt0.o(.text)
    __user_setup_stackheap                   0x00000e11   Thumb Code    74  sys_stackheap_outer.o(.text)
    _chval                                   0x00000e5b   Thumb Code    28  _chval.o(.text)
    _scanf_really_real                       0x00001075   Thumb Code   668  scanf_fp.o(.text)
    exit                                     0x0000131d   Thumb Code    18  exit.o(.text)
    strcmp                                   0x00001331   Thumb Code   128  strcmpv7m.o(.text)
    _scanf_really_hex_real                   0x000013b1   Thumb Code   786  scanf_hexfp.o(.text)
    _scanf_really_infnan                     0x000016d1   Thumb Code   292  scanf_infnan.o(.text)
    _sys_exit                                0x00001805   Thumb Code     8  sys_exit.o(.text)
    __aeabi_llsl                             0x00001811   Thumb Code     0  llshl.o(.text)
    _ll_shift_l                              0x00001811   Thumb Code    38  llshl.o(.text)
    _btod_d2e                                0x00001837   Thumb Code    62  btod.o(CL$$btod_d2e)
    _d2e_denorm_low                          0x00001875   Thumb Code    70  btod.o(CL$$btod_d2e_denorm_low)
    _d2e_norm_op1                            0x000018bb   Thumb Code    96  btod.o(CL$$btod_d2e_norm_op1)
    __btod_div_common                        0x0000191b   Thumb Code   696  btod.o(CL$$btod_div_common)
    _e2d                                     0x00001c55   Thumb Code    80  btod.o(CL$$btod_e2d)
    _e2e                                     0x00001ca9   Thumb Code   198  btod.o(CL$$btod_e2e)
    _btod_ediv                               0x00001d6f   Thumb Code    40  btod.o(CL$$btod_ediv)
    _btod_edivd                              0x00001d97   Thumb Code    40  btod.o(CL$$btod_edivd)
    _btod_emul                               0x00001dbf   Thumb Code    40  btod.o(CL$$btod_emul)
    _btod_emuld                              0x00001de7   Thumb Code    40  btod.o(CL$$btod_emuld)
    __btod_mult_common                       0x00001e0f   Thumb Code   580  btod.o(CL$$btod_mult_common)
    chineseTab                               0x00002054   Data           0  zk.o(Ziku)
    Asc00                                    0x000022ea   Data           0  zk.o(Ziku)
    ZIKU00                                   0x00002afa   Data           0  zk.o(Ziku)
    AccessChar                               0x0000543b   Thumb Code    40  lcd.o(i.AccessChar)
    Bell                                     0x00005465   Thumb Code   156  hal.o(i.Bell)
    CalibDynamo                              0x00005509   Thumb Code   682  setting.o(i.CalibDynamo)
    CalibTorque                              0x00005821   Thumb Code   758  setting.o(i.CalibTorque)
    Calib_M_Zero                             0x00005b6d   Thumb Code   226  cs5460.o(i.Calib_M_Zero)
    ConstantTest0                            0x00005c69   Thumb Code    20  main.o(i.ConstantTest0)
    ConstantTest1                            0x00005c7d   Thumb Code  2756  main.o(i.ConstantTest1)
    ConstantTest2                            0x0000678d   Thumb Code  3700  main.o(i.ConstantTest2)
    DataAccess                               0x0000762d   Thumb Code   966  main.o(i.DataAccess)
    Delay                                    0x00007a49   Thumb Code    16  hal.o(i.Delay)
    DispPG00                                 0x00007a5d   Thumb Code   204  main.o(i.DispPG00)
    DispPG11                                 0x00007b69   Thumb Code   388  main.o(i.DispPG11)
    DownLoadProg                             0x00007d55   Thumb Code   366  main.o(i.DownLoadProg)
    DownLoadProg2                            0x00007f09   Thumb Code  1266  main.o(i.DownLoadProg2)
    GoNext                                   0x00008415   Thumb Code   200  main.o(i.GoNext)
    I2C_Init                                 0x00008529   Thumb Code    64  i2c.o(i.I2C_Init)
    IRQ_I2C                                  0x0000857d   Thumb Code   516  i2c.o(i.IRQ_I2C)
    IRcvStr                                  0x000087a5   Thumb Code    68  i2c.o(i.IRcvStr)
    ISendStr                                 0x00008809   Thumb Code    60  i2c.o(i.ISendStr)
    Init_QEI                                 0x00008865   Thumb Code    62  hal.o(i.Init_QEI)
    Manual                                   0x000088b5   Thumb Code  2910  main.o(i.Manual)
    Manual0                                  0x0000944d   Thumb Code   250  main.o(i.Manual0)
    ManualSeting                             0x0000955d   Thumb Code   830  main.o(i.ManualSeting)
    ManualSetingDisplay                      0x000098d5   Thumb Code   144  display.o(i.ManualSetingDisplay)
    Out_PWM                                  0x000099c1   Thumb Code    36  hal.o(i.Out_PWM)
    PWM_Init                                 0x000099e9   Thumb Code    76  hal.o(i.PWM_Init)
    ParaAccess                               0x00009a3d   Thumb Code  1420  setting.o(i.ParaAccess)
    PassWord                                 0x00009fe1   Thumb Code   438  setting.o(i.PassWord)
    PerforStep                               0x0000a1c5   Thumb Code   606  main.o(i.PerforStep)
    Performance                              0x0000a479   Thumb Code    20  main.o(i.Performance)
    Performance1                             0x0000a48d   Thumb Code   414  main.o(i.Performance1)
    Performance2                             0x0000a675   Thumb Code  3246  main.o(i.Performance2)
    ReLoad2                                  0x0000b3b1   Thumb Code    70  main.o(i.ReLoad2)
    Read_Key                                 0x0000b3fd   Thumb Code   564  hal.o(i.Read_Key)
    Read_Posi                                0x0000b655   Thumb Code   158  hal.o(i.Read_Posi)
    Read_ResultM                             0x0000b709   Thumb Code   132  cs5460.o(i.Read_ResultM)
    Read_ResultV                             0x0000b7ad   Thumb Code   240  cs5460.o(i.Read_ResultV)
    RunFirst                                 0x0000b8dd   Thumb Code   586  main.o(i.RunFirst)
    RunMotor                                 0x0000bb6d   Thumb Code   148  main.o(i.RunMotor)
    RunPID                                   0x0000bc1d   Thumb Code    98  setting.o(i.RunPID)
    RunStep                                  0x0000bcad   Thumb Code  1260  main.o(i.RunStep)
    RunTest1                                 0x0000c1a5   Thumb Code  2482  main.o(i.RunTest1)
    SSP0_Isr                                 0x0000cb65   Thumb Code   304  cs5460.o(i.SSP0_Isr)
    SSP1_Isr                                 0x0000ccb9   Thumb Code   652  cs5460.o(i.SSP1_Isr)
    SetFirst                                 0x0000cfa1   Thumb Code   398  setting.o(i.SetFirst)
    SetPID                                   0x0000d159   Thumb Code  2654  setting.o(i.SetPID)
    SetPower                                 0x0000dbe1   Thumb Code   504  setting.o(i.SetPower)
    SpiInit                                  0x0000de35   Thumb Code   104  hal.o(i.SpiInit)
    StartMotor                               0x0000deb1   Thumb Code   728  main.o(i.StartMotor)
    Timer0Isr                                0x0000e221   Thumb Code   104  main.o(i.Timer0Isr)
    Torque_DRDY_High                         0x0000e2a5   Thumb Code    32  cs5460.o(i.Torque_DRDY_High)
    Uart0Isr                                 0x0000e2d1   Thumb Code   362  main.o(i.Uart0Isr)
    Uart1Isr                                 0x0000e46d   Thumb Code   170  main.o(i.Uart1Isr)
    UpLoadProg                               0x0000e531   Thumb Code   124  main.o(i.UpLoadProg)
    W_R_Torque1                              0x0000e5cd   Thumb Code   122  cs5460.o(i.W_R_Torque1)
    W_R_Torque4                              0x0000e65d   Thumb Code   148  cs5460.o(i.W_R_Torque4)
    W_R_VCP1                                 0x0000e705   Thumb Code   122  cs5460.o(i.W_R_VCP1)
    W_R_VCP4                                 0x0000e795   Thumb Code   148  cs5460.o(i.W_R_VCP4)
    Wait_I2c_End                             0x0000e83d   Thumb Code    48  i2c.o(i.Wait_I2c_End)
    __ARM_fpclassify                         0x0000e871   Thumb Code    40  fpclassify.o(i.__ARM_fpclassify)
    __mathlib_dbl_overflow                   0x0000e899   Thumb Code    14  dunder.o(i.__mathlib_dbl_overflow)
    __mathlib_dbl_underflow                  0x0000e8a9   Thumb Code    10  dunder.o(i.__mathlib_dbl_underflow)
    __mathlib_narrow                         0x0000e8b9   Thumb Code    16  narrow.o(i.__mathlib_narrow)
    __mathlib_tofloat                        0x0000e8c9   Thumb Code   132  narrow.o(i.__mathlib_tofloat)
    __support_ldexp                          0x0000e951   Thumb Code    22  ldexp.o(i.__support_ldexp)
    _is_digit                                0x0000e967   Thumb Code    14  __printf_wp.o(i._is_digit)
    atof                                     0x0000e975   Thumb Code    42  atof.o(i.atof)
    awLcdD                                   0x0000e9a1   Thumb Code   246  lcd.o(i.awLcdD)
    calib03                                  0x0000eaa5   Thumb Code   530  setting.o(i.calib03)
    calibrate                                0x0000ed11   Thumb Code   178  setting.o(i.calibrate)
    checkPID                                 0x0000ede1   Thumb Code    62  setting.o(i.checkPID)
    clear_Lcd                                0x0000ee25   Thumb Code    90  lcd.o(i.clear_Lcd)
    dComd                                    0x0000ee7f   Thumb Code    28  lcd.o(i.dComd)
    disp_line2                               0x0000ee9d   Thumb Code   352  main.o(i.disp_line2)
    displayPID                               0x0000f075   Thumb Code   892  setting.o(i.displayPID)
    displayPID2                              0x0000f4c5   Thumb Code   162  setting.o(i.displayPID2)
    frexp                                    0x0000f59d   Thumb Code    80  frexp.o(i.frexp)
    init_5460M                               0x0000f5f5   Thumb Code   184  cs5460.o(i.init_5460M)
    init_5460V                               0x0000f6c9   Thumb Code   222  cs5460.o(i.init_5460V)
    init_Lcd                                 0x0000f7c9   Thumb Code   242  lcd.o(i.init_Lcd)
    ldexp                                    0x0000f94d   Thumb Code   116  ldexp.o(i.ldexp)
    main                                     0x0000f9c1   Thumb Code  1312  main.o(i.main)
    nComd                                    0x0000feed   Thumb Code    12  lcd.o(i.nComd)
    pid_Proccesse                            0x0000fef9   Thumb Code   316  hal.o(i.pid_Proccesse)
    pid_bumpless                             0x00010049   Thumb Code    36  hal.o(i.pid_bumpless)
    pid_calc                                 0x00010071   Thumb Code   136  hal.o(i.pid_calc)
    pid_tune                                 0x00010119   Thumb Code   400  hal.o(i.pid_tune)
    pinInit                                  0x000102cd   Thumb Code   130  hal.o(i.pinInit)
    putBuff                                  0x00010375   Thumb Code    24  lcd.o(i.putBuff)
    putChin                                  0x0001038d   Thumb Code   166  lcd.o(i.putChin)
    putEng                                   0x00010449   Thumb Code   136  lcd.o(i.putEng)
    putHLine                                 0x000104e5   Thumb Code    68  lcd.o(i.putHLine)
    putString                                0x0001052d   Thumb Code   150  lcd.o(i.putString)
    sComd                                    0x000105c9   Thumb Code    20  lcd.o(i.sComd)
    s_out                                    0x000105dd   Thumb Code   676  main.o(i.s_out)
    showCalib                                0x00010969   Thumb Code   262  setting.o(i.showCalib)
    showCalib00                              0x00010a9d   Thumb Code   102  display.o(i.showCalib00)
    showCalib01                              0x00010b41   Thumb Code   138  display.o(i.showCalib01)
    showConstSet                             0x00010c25   Thumb Code  1640  main.o(i.showConstSet)
    showConstant1                            0x000112c9   Thumb Code   270  display.o(i.showConstant1)
    showConstant2                            0x0001146d   Thumb Code   270  display.o(i.showConstant2)
    showDynaCalib                            0x000115f5   Thumb Code   192  display.o(i.showDynaCalib)
    showManualSeting                         0x00011705   Thumb Code   360  main.o(i.showManualSeting)
    showPG00                                 0x000118a5   Thumb Code   240  display.o(i.showPG00)
    showPG000                                0x00011a15   Thumb Code   146  display.o(i.showPG000)
    showPGRun1                               0x00011b45   Thumb Code   276  display.o(i.showPGRun1)
    showPG_Manual                            0x00011cdd   Thumb Code   354  display.o(i.showPG_Manual)
    showPG_Manual0                           0x00011ee1   Thumb Code   138  display.o(i.showPG_Manual0)
    showPID                                  0x00011fc9   Thumb Code   216  display.o(i.showPID)
    showPassWord                             0x00012109   Thumb Code    96  display.o(i.showPassWord)
    showPerfoSet                             0x00012199   Thumb Code   206  main.o(i.showPerfoSet)
    showPerfomance1                          0x000122a5   Thumb Code   126  display.o(i.showPerfomance1)
    showPerfomance2                          0x00012371   Thumb Code   228  display.o(i.showPerfomance2)
    showPower                                0x000124c5   Thumb Code   108  display.o(i.showPower)
    showRun0                                 0x00012569   Thumb Code   174  display.o(i.showRun0)
    showScale                                0x00012691   Thumb Code   144  display.o(i.showScale)
    showSet0                                 0x0001276d   Thumb Code   156  display.o(i.showSet0)
    targetInit                               0x00012875   Thumb Code   334  hal.o(i.targetInit)
    timer0Init                               0x000129d1   Thumb Code   104  hal.o(i.timer0Init)
    uartInit                                 0x00012a4d   Thumb Code   234  hal.o(i.uartInit)
    verChin                                  0x00012b51   Thumb Code   168  lcd.o(i.verChin)
    verEng                                   0x00012c0d   Thumb Code   138  lcd.o(i.verEng)
    verString                                0x00012cad   Thumb Code   150  lcd.o(i.verString)
    wrLcdC                                   0x00012d49   Thumb Code   234  lcd.o(i.wrLcdC)
    wrLcdD                                   0x00012e41   Thumb Code   244  lcd.o(i.wrLcdD)
    zyIsrSet                                 0x00012f41   Thumb Code    62  i2c.o(i.zyIsrSet)
    _get_lc_numeric                          0x00012f81   Thumb Code    44  lc_numeric_c.o(locale$$code)
    _get_lc_ctype                            0x00012fad   Thumb Code    44  lc_ctype_c.o(locale$$code)
    __aeabi_d2f                              0x00012fd9   Thumb Code     0  d2f.o(x$fpl$d2f)
    _d2f                                     0x00012fd9   Thumb Code    98  d2f.o(x$fpl$d2f)
    __fpl_dcheck_NaN1                        0x0001303d   Thumb Code    10  dcheck1.o(x$fpl$dcheck1)
    __fpl_dcmp_Inf                           0x0001304d   Thumb Code    24  dcmpi.o(x$fpl$dcmpinf)
    __aeabi_ddiv                             0x00013065   Thumb Code     0  ddiv.o(x$fpl$ddiv)
    _ddiv                                    0x00013065   Thumb Code   552  ddiv.o(x$fpl$ddiv)
    __aeabi_cdcmpeq                          0x00013315   Thumb Code     0  deqf.o(x$fpl$deqf)
    _dcmpeq                                  0x00013315   Thumb Code   120  deqf.o(x$fpl$deqf)
    __aeabi_d2uiz                            0x0001338d   Thumb Code     0  dfixu.o(x$fpl$dfixu)
    _dfixu                                   0x0001338d   Thumb Code    90  dfixu.o(x$fpl$dfixu)
    __aeabi_cdcmple                          0x000133e9   Thumb Code     0  dleqf.o(x$fpl$dleqf)
    _dcmple                                  0x000133e9   Thumb Code   120  dleqf.o(x$fpl$dleqf)
    __fpl_dcmple_InfNaN                      0x0001344b   Thumb Code     0  dleqf.o(x$fpl$dleqf)
    __aeabi_dmul                             0x00013461   Thumb Code     0  dmul.o(x$fpl$dmul)
    _dmul                                    0x00013461   Thumb Code   332  dmul.o(x$fpl$dmul)
    __fpl_dnaninf                            0x000135b5   Thumb Code   156  dnaninf.o(x$fpl$dnaninf)
    __fpl_dretinf                            0x00013651   Thumb Code    12  dretinf.o(x$fpl$dretinf)
    __aeabi_cdrcmple                         0x0001365d   Thumb Code     0  drleqf.o(x$fpl$drleqf)
    _drcmple                                 0x0001365d   Thumb Code   108  drleqf.o(x$fpl$drleqf)
    __aeabi_f2d                              0x000136c9   Thumb Code     0  f2d.o(x$fpl$f2d)
    _f2d                                     0x000136c9   Thumb Code    86  f2d.o(x$fpl$f2d)
    __aeabi_fadd                             0x00013721   Thumb Code     0  faddsub_clz.o(x$fpl$fadd)
    _fadd                                    0x00013721   Thumb Code   196  faddsub_clz.o(x$fpl$fadd)
    __fpl_fcmp_Inf                           0x000137e5   Thumb Code    24  fcmpi.o(x$fpl$fcmpinf)
    __aeabi_fdiv                             0x000137fd   Thumb Code     0  fdiv.o(x$fpl$fdiv)
    _fdiv                                    0x000137fd   Thumb Code   384  fdiv.o(x$fpl$fdiv)
    __aeabi_cfcmpeq                          0x00013981   Thumb Code     0  feqf.o(x$fpl$feqf)
    _fcmpeq                                  0x00013981   Thumb Code   104  feqf.o(x$fpl$feqf)
    __aeabi_f2uiz                            0x000139e9   Thumb Code     0  ffixu.o(x$fpl$ffixu)
    _ffixu                                   0x000139e9   Thumb Code    62  ffixu.o(x$fpl$ffixu)
    __aeabi_i2f                              0x00013a29   Thumb Code     0  fflt_clz.o(x$fpl$fflt)
    _fflt                                    0x00013a29   Thumb Code    48  fflt_clz.o(x$fpl$fflt)
    __aeabi_ui2f                             0x00013a59   Thumb Code     0  fflt_clz.o(x$fpl$ffltu)
    _ffltu                                   0x00013a59   Thumb Code    38  fflt_clz.o(x$fpl$ffltu)
    __aeabi_cfcmple                          0x00013a81   Thumb Code     0  fleqf.o(x$fpl$fleqf)
    _fcmple                                  0x00013a81   Thumb Code   104  fleqf.o(x$fpl$fleqf)
    __fpl_fcmple_InfNaN                      0x00013ad3   Thumb Code     0  fleqf.o(x$fpl$fleqf)
    __aeabi_fmul                             0x00013ae9   Thumb Code     0  fmul.o(x$fpl$fmul)
    _fmul                                    0x00013ae9   Thumb Code   258  fmul.o(x$fpl$fmul)
    __fpl_fnaninf                            0x00013beb   Thumb Code   140  fnaninf.o(x$fpl$fnaninf)
    __fpl_fretinf                            0x00013c77   Thumb Code    10  fretinf.o(x$fpl$fretinf)
    __aeabi_cfrcmple                         0x00013c81   Thumb Code     0  frleqf.o(x$fpl$frleqf)
    _frcmple                                 0x00013c81   Thumb Code    98  frleqf.o(x$fpl$frleqf)
    __aeabi_fsub                             0x00013ce5   Thumb Code     0  faddsub_clz.o(x$fpl$fsub)
    _fsub                                    0x00013ce5   Thumb Code   234  faddsub_clz.o(x$fpl$fsub)
    _printf_fp_dec                           0x00013dcf   Thumb Code     4  printf1.o(x$fpl$printf1)
    __fpl_return_NaN                         0x00013dd3   Thumb Code   100  retnan.o(x$fpl$retnan)
    __ARM_scalbn                             0x00013e37   Thumb Code    92  scalbn.o(x$fpl$scalbn)
    _scanf_real                              0x00013e93   Thumb Code     4  scanf1.o(x$fpl$scanf1)
    _scanf_hex_real                          0x00013e97   Thumb Code     4  scanf2.o(x$fpl$scanf2)
    _scanf_infnan                            0x00013e9b   Thumb Code     4  scanf2.o(x$fpl$scanf2)
    __fpl_cmpreturn                          0x00013e9f   Thumb Code    48  trapv.o(x$fpl$trapveneer)
    __I$use$fp                               0x00013ece   Number         0  usenofp.o(x$fpl$usenofp)
    Modi                                     0x00013ed0   Data          52  main.o(.constdata)
    Disti                                    0x00013f04   Data          52  main.o(.constdata)
    Wresult                                  0x00013f38   Data          24  main.o(.constdata)
    Region$$Table$$Base                      0x00013ff8   Number         0  anon$$obj.o(Region$$Table)
    Region$$Table$$Limit                     0x00014018   Number         0  anon$$obj.o(Region$$Table)
    __aeabi_HUGE_VAL                         0x00014018   Data           0  fpconst.o(c$$dinf)
    __aeabi_HUGE_VALL                        0x00014018   Data           0  fpconst.o(c$$dinf)
    __aeabi_INFINITY                         0x00014018   Data           0  fpconst.o(c$$dinf)
    __dInf                                   0x00014018   Data           0  fpconst.o(c$$dinf)
    __huge_val                               0x00014018   Data           0  fpconst.o(c$$dinf)
    __ctype                                  0x00014049   Data           0  lc_ctype_c.o(locale$$data)
    state0                                   0x10000000   Data           4  cs5460.o(.data)
    state1                                   0x10000004   Data           4  cs5460.o(.data)
    spi0                                     0x10000008   Data           4  cs5460.o(.data)
    spi1                                     0x1000000c   Data           4  cs5460.o(.data)
    error                                    0x10000010   Data           4  hal.o(.data)
    result                                   0x10000014   Data           4  hal.o(.data)
    Wbuf5460V                                0x10000018   Data           4  main.o(.data)
    Rbuf5460V                                0x1000001c   Data           4  main.o(.data)
    Wbuf5460M                                0x10000020   Data           4  main.o(.data)
    Rbuf5460M                                0x10000024   Data           4  main.o(.data)
    Voltb                                    0x10000028   Data           4  main.o(.data)
    Spi0Step                                 0x1000002c   Data           2  main.o(.data)
    Spi0Byte                                 0x1000002e   Data           2  main.o(.data)
    FlagDisp                                 0x10000030   Data           2  main.o(.data)
    Spi1Step                                 0x10000032   Data           2  main.o(.data)
    Spi1Byte                                 0x10000034   Data           2  main.o(.data)
    V32                                      0x10000038   Data           4  main.o(.data)
    M2Temp                                   0x1000003c   Data           4  main.o(.data)
    MxTemp                                   0x10000040   Data           4  main.o(.data)
    PxTemp                                   0x10000044   Data           4  main.o(.data)
    pT                                       0x10000048   Data           2  main.o(.data)
    pJ                                       0x1000004a   Data           2  main.o(.data)
    VxTemp                                   0x1000004c   Data           4  main.o(.data)
    ixTemp                                   0x10000050   Data           4  main.o(.data)
    IxTemp                                   0x10000054   Data           4  main.o(.data)
    pV                                       0x10000058   Data           2  main.o(.data)
    pI                                       0x1000005a   Data           2  main.o(.data)
    pS                                       0x1000005c   Data           2  main.o(.data)
    Zf                                       0x1000005e   Data           2  main.o(.data)
    SxTemp                                   0x10000060   Data           4  main.o(.data)
    KV                                       0x10000064   Data           4  main.o(.data)
    KI                                       0x10000068   Data           4  main.o(.data)
    KM                                       0x1000006c   Data           4  main.o(.data)
    KM2                                      0x10000070   Data           4  main.o(.data)
    Fv                                       0x10000074   Data           4  main.o(.data)
    Fc                                       0x10000078   Data           4  main.o(.data)
    Fp                                       0x1000007c   Data           4  main.o(.data)
    Ft                                       0x10000080   Data           4  main.o(.data)
    Vtemp                                    0x10000084   Data           4  main.o(.data)
    pFt                                      0x10000088   Data           4  main.o(.data)
    pFs                                      0x1000008c   Data           4  main.o(.data)
    pFt2                                     0x10000090   Data           4  main.o(.data)
    dFs                                      0x10000094   Data           4  main.o(.data)
    sFv                                      0x10000098   Data           4  main.o(.data)
    sFc                                      0x1000009c   Data           4  main.o(.data)
    sFp                                      0x100000a0   Data           4  main.o(.data)
    sFt                                      0x100000a4   Data           4  main.o(.data)
    sFs                                      0x100000a8   Data           4  main.o(.data)
    Fd                                       0x100000ac   Data           4  main.o(.data)
    Fmax                                     0x100000b0   Data           4  main.o(.data)
    LastFd                                   0x100000b4   Data           4  main.o(.data)
    PidMax                                   0x100000b8   Data           4  main.o(.data)
    pFd                                      0x100000bc   Data           4  main.o(.data)
    pFmax                                    0x100000c0   Data           4  main.o(.data)
    SpeedCount                               0x100000c4   Data           2  main.o(.data)
    HTAB                                     0x100000c6   Data           2  main.o(.data)
    VTAB                                     0x100000c8   Data           2  main.o(.data)
    STAB                                     0x100000ca   Data           2  main.o(.data)
    BTAB                                     0x100000cc   Data           2  main.o(.data)
    MyID                                     0x100000ce   Data           1  main.o(.data)
    Gs                                       0x100000d0   Data           2  main.o(.data)
    M_point                                  0x100000d2   Data           2  main.o(.data)
    PidPara                                  0x100000d4   Data           8  main.o(.data)
    PidParaS                                 0x100000dc   Data           8  main.o(.data)
    PidPara1                                 0x100000e4   Data           8  main.o(.data)
    PidPara2                                 0x100000ec   Data           8  main.o(.data)
    LoadType2                                0x100000f4   Data           2  main.o(.data)
    LastStep2                                0x100000f6   Data           2  main.o(.data)
    voltdir                                  0x100000f8   Data           2  main.o(.data)
    voltdir1                                 0x100000fa   Data           2  main.o(.data)
    LastStep1                                0x100000fc   Data           2  main.o(.data)
    LoadVolt2                                0x100000fe   Data           2  main.o(.data)
    StartTime                                0x10000100   Data           2  main.o(.data)
    TestVolt1                                0x10000104   Data           4  main.o(.data)
    StartVolt1                               0x10000108   Data           4  main.o(.data)
    LoadVolt1                                0x1000010c   Data           4  main.o(.data)
    TestVolt3                                0x10000110   Data           4  main.o(.data)
    StartVolt3                               0x10000114   Data           4  main.o(.data)
    volt                                     0x10000118   Data           4  main.o(.data)
    StartVolt2                               0x1000011c   Data           4  main.o(.data)
    TestVolt2                                0x10000120   Data           4  main.o(.data)
    EndMode                                  0x10000124   Data           1  main.o(.data)
    AlarmMode                                0x10000125   Data           1  main.o(.data)
    EndTime                                  0x10000128   Data           4  main.o(.data)
    AlarmValue                               0x1000012c   Data           4  main.o(.data)
    ulEndTime                                0x10000130   Data           4  main.o(.data)
    Xtemp                                    0x10000134   Data           4  main.o(.data)
    MTemp                                    0x10000138   Data           4  main.o(.data)
    In_Test                                  0x1000013c   Data           2  main.o(.data)
    Running                                  0x1000013e   Data           2  main.o(.data)
    EnableF                                  0x10000140   Data           2  main.o(.data)
    Export                                   0x10000144   Data           4  main.o(.data)
    DelayCount                               0x10000148   Data           2  main.o(.data)
    BellCount                                0x1000014a   Data           2  main.o(.data)
    KeyCount                                 0x1000014c   Data           4  main.o(.data)
    KeyIn                                    0x10000150   Data           4  main.o(.data)
    LastKeyIn                                0x10000154   Data           4  main.o(.data)
    KeyValue                                 0x10000158   Data           4  main.o(.data)
    B_In                                     0x1000015c   Data           4  main.o(.data)
    LastBT                                   0x10000160   Data           4  main.o(.data)
    Button                                   0x10000164   Data           4  main.o(.data)
    FlagBT                                   0x10000168   Data           4  main.o(.data)
    PosiCount                                0x1000016c   Data           4  main.o(.data)
    PosiIn                                   0x10000170   Data           4  main.o(.data)
    LastPosiIn                               0x10000174   Data           4  main.o(.data)
    Position                                 0x10000178   Data           4  main.o(.data)
    FlagMs2                                  0x1000017c   Data           2  main.o(.data)
    FlagMs100                                0x1000017e   Data           2  main.o(.data)
    mS100                                    0x10000180   Data           2  main.o(.data)
    mS005                                    0x10000182   Data           2  main.o(.data)
    Uart0_R_Count                            0x10000184   Data           2  main.o(.data)
    Uart0_R_Len                              0x10000186   Data           2  main.o(.data)
    In_Receive                               0x10000188   Data           2  main.o(.data)
    Uart0_OK                                 0x1000018a   Data           2  main.o(.data)
    Uart0_Command                            0x1000018c   Data           2  main.o(.data)
    Uart0_T_Count                            0x1000018e   Data           2  main.o(.data)
    Uart0_T_Len                              0x10000190   Data           2  main.o(.data)
    In_Send                                  0x10000192   Data           2  main.o(.data)
    Tran_f                                   0x10000194   Data           2  main.o(.data)
    Uart1_R_Count                            0x10000196   Data           2  main.o(.data)
    Uart1_R_Len                              0x10000198   Data           2  main.o(.data)
    Second05                                 0x1000019a   Data           2  main.o(.data)
    CRC                                      0x1000019c   Data           1  main.o(.data)
    End_Test                                 0x1000019e   Data           2  main.o(.data)
    nowClock                                 0x100001a0   Data           4  main.o(.data)
    cClock                                   0x100001a4   Data           4  main.o(.data)
    Total                                    0x100001a8   Data           4  main.o(.data)
    TotalRev                                 0x100001ac   Data           4  main.o(.data)
    FlagRev                                  0x100001b0   Data           2  main.o(.data)
    Cycle                                    0x100001b2   Data           2  main.o(.data)
    CycleCount                               0x100001b4   Data           2  main.o(.data)
    Counter                                  0x100001b6   Data           2  main.o(.data)
    Alarm                                    0x100001b8   Data           2  main.o(.data)
    KL_Counter                               0x100001ba   Data           2  main.o(.data)
    ZL_Counter                               0x100001bc   Data           2  main.o(.data)
    LastStep                                 0x100001be   Data           2  main.o(.data)
    SL_Counter                               0x100001c0   Data           2  main.o(.data)
    shi                                      0x100001c2   Data           2  main.o(.data)
    fen                                      0x100001c4   Data           2  main.o(.data)
    miao                                     0x100001c6   Data           2  main.o(.data)
    Second1                                  0x100001c8   Data           2  main.o(.data)
    sCounter                                 0x100001cc   Data           4  main.o(.data)
    sNowState                                0x100001d0   Data           1  main.o(.data)
    Hot_In                                   0x100001d4   Data           4  main.o(.data)
    Hot_Count                                0x100001d8   Data           4  main.o(.data)
    Hot_Alarm                                0x100001dc   Data           4  main.o(.data)
    VoltCount                                0x100001e0   Data           2  main.o(.data)
    ReadBSQ_Flag                             0x100001e2   Data           2  main.o(.data)
    Finish1                                  0x100001e4   Data           2  main.o(.data)
    Finish2                                  0x100001e6   Data           2  main.o(.data)
    Finish                                   0x100001e8   Data           2  main.o(.data)
    FlagInverse                              0x100001ea   Data           2  main.o(.data)
    FlagJici                                 0x100001ec   Data           2  main.o(.data)
    Uart1_OK                                 0x100001ee   Data           2  main.o(.data)
    Uart1_Command                            0x100001f0   Data           2  main.o(.data)
    CtrlByte                                 0x100001f4   Data           4  main.o(.data)
    In_pause                                 0x100001f8   Data           2  main.o(.data)
    In_Reading                               0x100001fa   Data           2  main.o(.data)
    FlagPid                                  0x100001fc   Data           2  main.o(.data)
    SetS                                     0x10000200   Data           4  main.o(.data)
    dS                                       0x10000204   Data           4  main.o(.data)
    LastLoad2                                0x10000208   Data           4  main.o(.data)
    Po                                       0x1000020c   Data           4  main.o(.data)
    eff                                      0x10000210   Data           4  main.o(.data)
    LoadMode2                                0x10000214   Data           2  main.o(.data)
    xFt                                      0x10000218   Data           4  main.o(.data)
    xFs                                      0x1000021c   Data           4  main.o(.data)
    InTorque                                 0x10000220   Data           2  main.o(.data)
    RunMode                                  0x10000222   Data           2  main.o(.data)
    StartCount                               0x10000224   Data           2  main.o(.data)
    O_flag                                   0x10000226   Data           2  main.o(.data)
    O_Count                                  0x10000228   Data           2  main.o(.data)
    In_Calib                                 0x1000022a   Data           2  setting.o(.data)
    I2C_sla                                  0x1000022c   Data           1  i2c.o(.data)
    I2C_suba                                 0x10000230   Data           4  i2c.o(.data)
    I2C_suba_num                             0x10000234   Data           1  i2c.o(.data)
    I2C_buf                                  0x10000238   Data           4  i2c.o(.data)
    I2C_num                                  0x1000023c   Data           4  i2c.o(.data)
    I2C_end                                  0x10000240   Data           1  i2c.o(.data)
    I2C_suba_en                              0x10000241   Data           1  i2c.o(.data)
    I2C_state                                0x10000242   Data           1  i2c.o(.data)
    Address32                                0x10000244   Data           4  lcd.o(.data)
    LcdStatus                                0x10000248   Data           4  lcd.o(.data)
    RresultV                                 0x1000024c   Data          24  main.o(.bss)
    RresultM                                 0x10000264   Data          24  main.o(.bss)
    para                                     0x1000027c   Data          32  main.o(.bss)
    Mx                                       0x1000029c   Data         800  main.o(.bss)
    Px                                       0x100005bc   Data          80  main.o(.bss)
    Mx2                                      0x1000060c   Data         800  main.o(.bss)
    Vx                                       0x1000092c   Data         808  main.o(.bss)
    ix                                       0x10000c54   Data          80  main.o(.bss)
    Ix                                       0x10000ca4   Data         808  main.o(.bss)
    Sx                                       0x10000fcc   Data          24  main.o(.bss)
    ZfZ                                      0x10000fe4   Data          24  main.o(.bss)
    No                                       0x10000ffc   Data           9  main.o(.bss)
    Step                                     0x10001008   Data         384  main.o(.bss)
    Step2                                    0x10001188   Data         352  main.o(.bss)
    in_rot                                   0x100012e8   Data          16  main.o(.bss)
    UR0_R_Buff                               0x100012f8   Data         256  main.o(.bss)
    UR0_T_Buff                               0x100013f8   Data         256  main.o(.bss)
    s_buff                                   0x100014f8   Data         240  main.o(.bss)
    sbuff                                    0x100015e8   Data          32  main.o(.bss)
    pid0                                     0x10001608   Data          48  main.o(.bss)
    UR1_R                                    0x10001638   Data          75  main.o(.bss)
    UR1_RBuff                                0x10001683   Data          75  main.o(.bss)
    PerFor                                   0x100016d0   Data          28  main.o(.bss)
    Cons                                     0x100016ec   Data          40  main.o(.bss)
    RBH                                      0x10001714   Data          16  main.o(.bss)
    Buff0                                    0x10001724   Data          64  lcd.o(.bss)
    __libspace_start                         0x10001764   Data          96  libspace.o(.bss)
    __temporary_stack_top$libspace           0x100017c4   Data           0  libspace.o(.bss)



==============================================================================

Memory Map of the image

  Image Entry point : 0x000000cd

  Load Region LR_IROM1 (Base: 0x00000000, Size: 0x00014398, Max: 0x00020000, ABSOLUTE, COMPRESSED[0x00014154])

    Execution Region ER_IROM1 (Base: 0x00000000, Size: 0x0001414c, Max: 0x00020000, ABSOLUTE)

    Base Addr    Size         Type   Attr      Idx    E Section Name        Object

    0x00000000   0x000000cc   Data   RO          631    RESET               startup_lpc17xx.o
    0x000000cc   0x00000008   Code   RO         1062  * !!!main             c_w.l(__main.o)
    0x000000d4   0x00000034   Code   RO         1436    !!!scatter          c_w.l(__scatter.o)
    0x00000108   0x0000003a   Code   RO         1434    !!dczerorl          c_w.l(__dczerorl.o)
    0x00000142   0x00000002   PAD
    0x00000144   0x0000001c   Code   RO         1438    !!handler_zi        c_w.l(__scatter_zi.o)
    0x00000160   0x00000000   Code   RO         1053    .ARM.Collect$$_printf_percent$$00000000  c_w.l(_printf_percent.o)
    0x00000160   0x00000006   Code   RO         1052    .ARM.Collect$$_printf_percent$$00000003  c_w.l(_printf_f.o)
    0x00000166   0x00000006   Code   RO         1051    .ARM.Collect$$_printf_percent$$00000009  c_w.l(_printf_d.o)
    0x0000016c   0x00000004   Code   RO         1132    .ARM.Collect$$_printf_percent$$00000017  c_w.l(_printf_percent_end.o)
    0x00000170   0x00000002   Code   RO         1239    .ARM.Collect$$libinit$$00000000  c_w.l(libinit.o)
    0x00000172   0x00000000   Code   RO         1241    .ARM.Collect$$libinit$$00000002  c_w.l(libinit2.o)
    0x00000172   0x00000000   Code   RO         1243    .ARM.Collect$$libinit$$00000004  c_w.l(libinit2.o)
    0x00000172   0x00000000   Code   RO         1246    .ARM.Collect$$libinit$$0000000A  c_w.l(libinit2.o)
    0x00000172   0x00000000   Code   RO         1248    .ARM.Collect$$libinit$$0000000C  c_w.l(libinit2.o)
    0x00000172   0x00000000   Code   RO         1250    .ARM.Collect$$libinit$$0000000E  c_w.l(libinit2.o)
    0x00000172   0x00000006   Code   RO         1251    .ARM.Collect$$libinit$$0000000F  c_w.l(libinit2.o)
    0x00000178   0x00000000   Code   RO         1253    .ARM.Collect$$libinit$$00000011  c_w.l(libinit2.o)
    0x00000178   0x0000000c   Code   RO         1254    .ARM.Collect$$libinit$$00000012  c_w.l(libinit2.o)
    0x00000184   0x00000000   Code   RO         1255    .ARM.Collect$$libinit$$00000013  c_w.l(libinit2.o)
    0x00000184   0x00000000   Code   RO         1257    .ARM.Collect$$libinit$$00000015  c_w.l(libinit2.o)
    0x00000184   0x0000000a   Code   RO         1258    .ARM.Collect$$libinit$$00000016  c_w.l(libinit2.o)
    0x0000018e   0x00000000   Code   RO         1259    .ARM.Collect$$libinit$$00000017  c_w.l(libinit2.o)
    0x0000018e   0x00000000   Code   RO         1261    .ARM.Collect$$libinit$$00000019  c_w.l(libinit2.o)
    0x0000018e   0x00000000   Code   RO         1263    .ARM.Collect$$libinit$$0000001B  c_w.l(libinit2.o)
    0x0000018e   0x00000000   Code   RO         1265    .ARM.Collect$$libinit$$0000001D  c_w.l(libinit2.o)
    0x0000018e   0x00000000   Code   RO         1267    .ARM.Collect$$libinit$$0000001F  c_w.l(libinit2.o)
    0x0000018e   0x00000000   Code   RO         1269    .ARM.Collect$$libinit$$00000021  c_w.l(libinit2.o)
    0x0000018e   0x00000000   Code   RO         1271    .ARM.Collect$$libinit$$00000023  c_w.l(libinit2.o)
    0x0000018e   0x00000000   Code   RO         1273    .ARM.Collect$$libinit$$00000025  c_w.l(libinit2.o)
    0x0000018e   0x00000000   Code   RO         1277    .ARM.Collect$$libinit$$0000002C  c_w.l(libinit2.o)
    0x0000018e   0x00000000   Code   RO         1279    .ARM.Collect$$libinit$$0000002E  c_w.l(libinit2.o)
    0x0000018e   0x00000000   Code   RO         1281    .ARM.Collect$$libinit$$00000030  c_w.l(libinit2.o)
    0x0000018e   0x00000000   Code   RO         1283    .ARM.Collect$$libinit$$00000032  c_w.l(libinit2.o)
    0x0000018e   0x00000002   Code   RO         1284    .ARM.Collect$$libinit$$00000033  c_w.l(libinit2.o)
    0x00000190   0x00000002   Code   RO         1341    .ARM.Collect$$libshutdown$$00000000  c_w.l(libshutdown.o)
    0x00000192   0x00000000   Code   RO         1366    .ARM.Collect$$libshutdown$$00000002  c_w.l(libshutdown2.o)
    0x00000192   0x00000000   Code   RO         1368    .ARM.Collect$$libshutdown$$00000004  c_w.l(libshutdown2.o)
    0x00000192   0x00000000   Code   RO         1371    .ARM.Collect$$libshutdown$$00000007  c_w.l(libshutdown2.o)
    0x00000192   0x00000000   Code   RO         1374    .ARM.Collect$$libshutdown$$0000000A  c_w.l(libshutdown2.o)
    0x00000192   0x00000000   Code   RO         1376    .ARM.Collect$$libshutdown$$0000000C  c_w.l(libshutdown2.o)
    0x00000192   0x00000000   Code   RO         1379    .ARM.Collect$$libshutdown$$0000000F  c_w.l(libshutdown2.o)
    0x00000192   0x00000002   Code   RO         1380    .ARM.Collect$$libshutdown$$00000010  c_w.l(libshutdown2.o)
    0x00000194   0x00000000   Code   RO         1116    .ARM.Collect$$rtentry$$00000000  c_w.l(__rtentry.o)
    0x00000194   0x00000000   Code   RO         1154    .ARM.Collect$$rtentry$$00000002  c_w.l(__rtentry2.o)
    0x00000194   0x00000006   Code   RO         1166    .ARM.Collect$$rtentry$$00000004  c_w.l(__rtentry4.o)
    0x0000019a   0x00000000   Code   RO         1156    .ARM.Collect$$rtentry$$00000009  c_w.l(__rtentry2.o)
    0x0000019a   0x00000004   Code   RO         1157    .ARM.Collect$$rtentry$$0000000A  c_w.l(__rtentry2.o)
    0x0000019e   0x00000000   Code   RO         1159    .ARM.Collect$$rtentry$$0000000C  c_w.l(__rtentry2.o)
    0x0000019e   0x00000008   Code   RO         1160    .ARM.Collect$$rtentry$$0000000D  c_w.l(__rtentry2.o)
    0x000001a6   0x00000002   Code   RO         1285    .ARM.Collect$$rtexit$$00000000  c_w.l(rtexit.o)
    0x000001a8   0x00000000   Code   RO         1307    .ARM.Collect$$rtexit$$00000002  c_w.l(rtexit2.o)
    0x000001a8   0x00000004   Code   RO         1308    .ARM.Collect$$rtexit$$00000003  c_w.l(rtexit2.o)
    0x000001ac   0x00000006   Code   RO         1309    .ARM.Collect$$rtexit$$00000004  c_w.l(rtexit2.o)
    0x000001b2   0x00000002   PAD
    0x000001b4   0x00000010   Code   RO          791    .emb_text           LPC1754_A_LIB.lib(i2c.o)
    0x000001c4   0x00000034   Code   RO          633    .text               startup_lpc17xx.o
    0x000001f8   0x00000028   Code   RO         1023    .text               c_w.l(noretval__2sprintf.o)
    0x00000220   0x0000004e   Code   RO         1027    .text               c_w.l(_printf_pad.o)
    0x0000026e   0x00000002   PAD
    0x00000270   0x00000078   Code   RO         1029    .text               c_w.l(_printf_dec.o)
    0x000002e8   0x00000006   Code   RO         1060    .text               c_w.l(heapauxi.o)
    0x000002ee   0x00000002   PAD
    0x000002f0   0x00000008   Code   RO         1120    .text               c_w.l(rt_errno_addr_intlibspace.o)
    0x000002f8   0x00000002   Code   RO         1356    .text               c_w.l(use_no_semi.o)
    0x000002fa   0x00000000   Code   RO         1358    .text               c_w.l(indicate_semi.o)
    0x000002fa   0x00000002   Code   RO          498    i.SetDynamo         setting.o
    0x000002fc   0x00000004   Code   RO          632    .ARM.__at_0x02FC    startup_lpc17xx.o
    0x00000300   0x00000138   Code   RO         1043    .text               c_w.l(__printf_flags_wp.o)
    0x00000438   0x0000001a   Code   RO         1054    .text               c_w.l(atoi.o)
    0x00000452   0x00000044   Code   RO         1056    .text               c_w.l(rt_memclr.o)
    0x00000496   0x0000004e   Code   RO         1058    .text               c_w.l(rt_memclr_w.o)
    0x000004e4   0x00000016   Code   RO         1122    .text               c_w.l(_rserrno.o)
    0x000004fa   0x000000b2   Code   RO         1124    .text               c_w.l(_printf_intcommon.o)
    0x000005ac   0x0000041a   Code   RO         1126    .text               c_w.l(_printf_fp_dec.o)
    0x000009c6   0x00000002   PAD
    0x000009c8   0x00000030   Code   RO         1128    .text               c_w.l(_printf_char_common.o)
    0x000009f8   0x0000000a   Code   RO         1130    .text               c_w.l(_sputc.o)
    0x00000a02   0x00000002   PAD
    0x00000a04   0x000000a4   Code   RO         1133    .text               c_w.l(strtod.o)
    0x00000aa8   0x00000070   Code   RO         1135    .text               c_w.l(strtol.o)
    0x00000b18   0x00000008   Code   RO         1150    .text               c_w.l(libspace.o)
    0x00000b20   0x00000010   Code   RO         1168    .text               c_w.l(rt_ctype_table.o)
    0x00000b30   0x00000008   Code   RO         1173    .text               c_w.l(rt_locale_intlibspace.o)
    0x00000b38   0x0000008a   Code   RO         1175    .text               c_w.l(lludiv10.o)
    0x00000bc2   0x00000012   Code   RO         1177    .text               c_w.l(isspace.o)
    0x00000bd4   0x00000080   Code   RO         1179    .text               c_w.l(_printf_fp_infnan.o)
    0x00000c54   0x00000040   Code   RO         1183    .text               c_w.l(_sgetc.o)
    0x00000c94   0x0000009e   Code   RO         1185    .text               c_w.l(_strtoul.o)
    0x00000d32   0x00000002   PAD
    0x00000d34   0x000000dc   Code   RO         1187    .text               c_w.l(bigflt0.o)
    0x00000e10   0x0000004a   Code   RO         1221    .text               c_w.l(sys_stackheap_outer.o)
    0x00000e5a   0x0000001c   Code   RO         1223    .text               c_w.l(_chval.o)
    0x00000e76   0x00000002   PAD
    0x00000e78   0x000004a4   Code   RO         1225    .text               c_w.l(scanf_fp.o)
    0x0000131c   0x00000012   Code   RO         1230    .text               c_w.l(exit.o)
    0x0000132e   0x00000002   PAD
    0x00001330   0x00000080   Code   RO         1232    .text               c_w.l(strcmpv7m.o)
    0x000013b0   0x00000320   Code   RO         1313    .text               c_w.l(scanf_hexfp.o)
    0x000016d0   0x00000134   Code   RO         1315    .text               c_w.l(scanf_infnan.o)
    0x00001804   0x0000000c   Code   RO         1329    .text               c_w.l(sys_exit.o)
    0x00001810   0x00000026   Code   RO         1333    .text               c_w.l(llshl.o)
    0x00001836   0x0000003e   Code   RO         1190    CL$$btod_d2e        c_w.l(btod.o)
    0x00001874   0x00000046   Code   RO         1192    CL$$btod_d2e_denorm_low  c_w.l(btod.o)
    0x000018ba   0x00000060   Code   RO         1191    CL$$btod_d2e_norm_op1  c_w.l(btod.o)
    0x0000191a   0x00000338   Code   RO         1200    CL$$btod_div_common  c_w.l(btod.o)
    0x00001c52   0x00000002   PAD
    0x00001c54   0x00000054   Code   RO         1198    CL$$btod_e2d        c_w.l(btod.o)
    0x00001ca8   0x000000c6   Code   RO         1197    CL$$btod_e2e        c_w.l(btod.o)
    0x00001d6e   0x00000028   Code   RO         1194    CL$$btod_ediv       c_w.l(btod.o)
    0x00001d96   0x00000028   Code   RO         1196    CL$$btod_edivd      c_w.l(btod.o)
    0x00001dbe   0x00000028   Code   RO         1193    CL$$btod_emul       c_w.l(btod.o)
    0x00001de6   0x00000028   Code   RO         1195    CL$$btod_emuld      c_w.l(btod.o)
    0x00001e0e   0x00000244   Code   RO         1199    CL$$btod_mult_common  c_w.l(btod.o)
    0x00002052   0x00000002   PAD
    0x00002054   0x000033e6   Code   RO          640    Ziku                zk.o
    0x0000543a   0x00000028   Code   RO          864    i.AccessChar        LPC1754_A_LIB.lib(lcd.o)
    0x00005462   0x00000002   PAD
    0x00005464   0x000000a4   Code   RO          722    i.Bell              LPC1754_A_LIB.lib(hal.o)
    0x00005508   0x00000318   Code   RO          491    i.CalibDynamo       setting.o
    0x00005820   0x0000034c   Code   RO          492    i.CalibTorque       setting.o
    0x00005b6c   0x000000fc   Code   RO          644    i.Calib_M_Zero      LPC1754_A_LIB.lib(cs5460.o)
    0x00005c68   0x00000014   Code   RO          276    i.ConstantTest0     main.o
    0x00005c7c   0x00000b10   Code   RO          277    i.ConstantTest1     main.o
    0x0000678c   0x00000ea0   Code   RO          278    i.ConstantTest2     main.o
    0x0000762c   0x0000041c   Code   RO          279    i.DataAccess        main.o
    0x00007a48   0x00000014   Code   RO          723    i.Delay             LPC1754_A_LIB.lib(hal.o)
    0x00007a5c   0x0000010c   Code   RO          280    i.DispPG00          main.o
    0x00007b68   0x000001ec   Code   RO          282    i.DispPG11          main.o
    0x00007d54   0x000001b4   Code   RO          283    i.DownLoadProg      main.o
    0x00007f08   0x0000050c   Code   RO          284    i.DownLoadProg2     main.o
    0x00008414   0x00000114   Code   RO          285    i.GoNext            main.o
    0x00008528   0x00000054   Code   RO          792    i.I2C_Init          LPC1754_A_LIB.lib(i2c.o)
    0x0000857c   0x00000228   Code   RO          795    i.IRQ_I2C           LPC1754_A_LIB.lib(i2c.o)
    0x000087a4   0x00000064   Code   RO          797    i.IRcvStr           LPC1754_A_LIB.lib(i2c.o)
    0x00008808   0x0000005c   Code   RO          799    i.ISendStr          LPC1754_A_LIB.lib(i2c.o)
    0x00008864   0x00000050   Code   RO          213    i.Init_QEI          hal.o
    0x000088b4   0x00000b98   Code   RO          286    i.Manual            main.o
    0x0000944c   0x00000110   Code   RO          287    i.Manual0           main.o
    0x0000955c   0x00000378   Code   RO          288    i.ManualSeting      main.o
    0x000098d4   0x000000ec   Code   RO           43    i.ManualSetingDisplay  display.o
    0x000099c0   0x00000028   Code   RO          725    i.Out_PWM           LPC1754_A_LIB.lib(hal.o)
    0x000099e8   0x00000054   Code   RO          726    i.PWM_Init          LPC1754_A_LIB.lib(hal.o)
    0x00009a3c   0x000005a4   Code   RO          494    i.ParaAccess        setting.o
    0x00009fe0   0x000001e4   Code   RO          495    i.PassWord          setting.o
    0x0000a1c4   0x000002b4   Code   RO          289    i.PerforStep        main.o
    0x0000a478   0x00000014   Code   RO          290    i.Performance       main.o
    0x0000a48c   0x000001e8   Code   RO          291    i.Performance1      main.o
    0x0000a674   0x00000d3c   Code   RO          292    i.Performance2      main.o
    0x0000b3b0   0x0000004c   Code   RO          293    i.ReLoad2           main.o
    0x0000b3fc   0x00000258   Code   RO          727    i.Read_Key          LPC1754_A_LIB.lib(hal.o)
    0x0000b654   0x000000b4   Code   RO          214    i.Read_Posi         hal.o
    0x0000b708   0x000000a4   Code   RO            1    i.Read_ResultM      cs5460.o
    0x0000b7ac   0x00000130   Code   RO            2    i.Read_ResultV      cs5460.o
    0x0000b8dc   0x00000290   Code   RO          294    i.RunFirst          main.o
    0x0000bb6c   0x000000b0   Code   RO          295    i.RunMotor          main.o
    0x0000bc1c   0x00000090   Code   RO          497    i.RunPID            setting.o
    0x0000bcac   0x000004f8   Code   RO          296    i.RunStep           main.o
    0x0000c1a4   0x000009c0   Code   RO          297    i.RunTest1          main.o
    0x0000cb64   0x00000154   Code   RO            3    i.SSP0_Isr          cs5460.o
    0x0000ccb8   0x000002e8   Code   RO            4    i.SSP1_Isr          cs5460.o
    0x0000cfa0   0x000001b8   Code   RO          499    i.SetFirst          setting.o
    0x0000d158   0x00000a88   Code   RO          500    i.SetPID            setting.o
    0x0000dbe0   0x00000254   Code   RO          501    i.SetPower          setting.o
    0x0000de34   0x0000007c   Code   RO          215    i.SpiInit           hal.o
    0x0000deb0   0x00000370   Code   RO          298    i.StartMotor        main.o
    0x0000e220   0x00000084   Code   RO          299    i.Timer0Isr         main.o
    0x0000e2a4   0x0000002c   Code   RO          646    i.Torque_DRDY_High  LPC1754_A_LIB.lib(cs5460.o)
    0x0000e2d0   0x0000019c   Code   RO          300    i.Uart0Isr          main.o
    0x0000e46c   0x000000c4   Code   RO          301    i.Uart1Isr          main.o
    0x0000e530   0x0000009c   Code   RO          302    i.UpLoadProg        main.o
    0x0000e5cc   0x00000090   Code   RO          648    i.W_R_Torque1       LPC1754_A_LIB.lib(cs5460.o)
    0x0000e65c   0x000000a8   Code   RO          649    i.W_R_Torque4       LPC1754_A_LIB.lib(cs5460.o)
    0x0000e704   0x00000090   Code   RO          650    i.W_R_VCP1          LPC1754_A_LIB.lib(cs5460.o)
    0x0000e794   0x000000a8   Code   RO          651    i.W_R_VCP4          LPC1754_A_LIB.lib(cs5460.o)
    0x0000e83c   0x00000034   Code   RO          800    i.Wait_I2c_End      LPC1754_A_LIB.lib(i2c.o)
    0x0000e870   0x00000028   Code   RO         1219    i.__ARM_fpclassify  m_ws.l(fpclassify.o)
    0x0000e898   0x0000000e   Code   RO         1387    i.__mathlib_dbl_overflow  m_ws.l(dunder.o)
    0x0000e8a6   0x00000002   PAD
    0x0000e8a8   0x00000010   Code   RO         1389    i.__mathlib_dbl_underflow  m_ws.l(dunder.o)
    0x0000e8b8   0x00000010   Code   RO         1300    i.__mathlib_narrow  m_ws.l(narrow.o)
    0x0000e8c8   0x00000088   Code   RO         1301    i.__mathlib_tofloat  m_ws.l(narrow.o)
    0x0000e950   0x00000016   Code   RO         1345    i.__support_ldexp   m_ws.l(ldexp.o)
    0x0000e966   0x0000000e   Code   RO         1041    i._is_digit         c_w.l(__printf_wp.o)
    0x0000e974   0x0000002a   Code   RO         1113    i.atof              m_ws.l(atof.o)
    0x0000e99e   0x00000002   PAD
    0x0000e9a0   0x00000104   Code   RO          867    i.awLcdD            LPC1754_A_LIB.lib(lcd.o)
    0x0000eaa4   0x0000026c   Code   RO          504    i.calib03           setting.o
    0x0000ed10   0x000000d0   Code   RO          505    i.calibrate         setting.o
    0x0000ede0   0x00000044   Code   RO          506    i.checkPID          setting.o
    0x0000ee24   0x0000005a   Code   RO          868    i.clear_Lcd         LPC1754_A_LIB.lib(lcd.o)
    0x0000ee7e   0x0000001c   Code   RO          870    i.dComd             LPC1754_A_LIB.lib(lcd.o)
    0x0000ee9a   0x00000002   PAD
    0x0000ee9c   0x000001d8   Code   RO          303    i.disp_line2        main.o
    0x0000f074   0x00000450   Code   RO          508    i.displayPID        setting.o
    0x0000f4c4   0x000000d8   Code   RO          509    i.displayPID2       setting.o
    0x0000f59c   0x00000058   Code   RO         1324    i.frexp             m_ws.l(frexp.o)
    0x0000f5f4   0x000000d4   Code   RO          652    i.init_5460M        LPC1754_A_LIB.lib(cs5460.o)
    0x0000f6c8   0x00000100   Code   RO          653    i.init_5460V        LPC1754_A_LIB.lib(cs5460.o)
    0x0000f7c8   0x00000184   Code   RO          871    i.init_Lcd          LPC1754_A_LIB.lib(lcd.o)
    0x0000f94c   0x00000074   Code   RO         1346    i.ldexp             m_ws.l(ldexp.o)
    0x0000f9c0   0x0000052c   Code   RO          304    i.main              main.o
    0x0000feec   0x0000000c   Code   RO          872    i.nComd             LPC1754_A_LIB.lib(lcd.o)
    0x0000fef8   0x00000150   Code   RO          728    i.pid_Proccesse     LPC1754_A_LIB.lib(hal.o)
    0x00010048   0x00000028   Code   RO          729    i.pid_bumpless      LPC1754_A_LIB.lib(hal.o)
    0x00010070   0x000000a8   Code   RO          216    i.pid_calc          hal.o
    0x00010118   0x000001b4   Code   RO          217    i.pid_tune          hal.o
    0x000102cc   0x000000a8   Code   RO          218    i.pinInit           hal.o
    0x00010374   0x00000018   Code   RO          874    i.putBuff           LPC1754_A_LIB.lib(lcd.o)
    0x0001038c   0x000000bc   Code   RO          875    i.putChin           LPC1754_A_LIB.lib(lcd.o)
    0x00010448   0x0000009c   Code   RO          876    i.putEng            LPC1754_A_LIB.lib(lcd.o)
    0x000104e4   0x00000048   Code   RO          877    i.putHLine          LPC1754_A_LIB.lib(lcd.o)
    0x0001052c   0x0000009c   Code   RO          878    i.putString         LPC1754_A_LIB.lib(lcd.o)
    0x000105c8   0x00000014   Code   RO          881    i.sComd             LPC1754_A_LIB.lib(lcd.o)
    0x000105dc   0x0000038c   Code   RO          305    i.s_out             main.o
    0x00010968   0x00000134   Code   RO          510    i.showCalib         setting.o
    0x00010a9c   0x000000a4   Code   RO           44    i.showCalib00       display.o
    0x00010b40   0x000000e4   Code   RO           45    i.showCalib01       display.o
    0x00010c24   0x000006a4   Code   RO          306    i.showConstSet      main.o
    0x000112c8   0x000001a4   Code   RO           46    i.showConstant1     display.o
    0x0001146c   0x00000188   Code   RO           47    i.showConstant2     display.o
    0x000115f4   0x00000110   Code   RO           49    i.showDynaCalib     display.o
    0x00011704   0x000001a0   Code   RO          307    i.showManualSeting  main.o
    0x000118a4   0x00000170   Code   RO           51    i.showPG00          display.o
    0x00011a14   0x00000130   Code   RO           52    i.showPG000         display.o
    0x00011b44   0x00000198   Code   RO           53    i.showPGRun1        display.o
    0x00011cdc   0x00000204   Code   RO           54    i.showPG_Manual     display.o
    0x00011ee0   0x000000e8   Code   RO           55    i.showPG_Manual0    display.o
    0x00011fc8   0x00000140   Code   RO           58    i.showPID           display.o
    0x00012108   0x00000090   Code   RO           59    i.showPassWord      display.o
    0x00012198   0x0000010c   Code   RO          308    i.showPerfoSet      main.o
    0x000122a4   0x000000cc   Code   RO           60    i.showPerfomance1   display.o
    0x00012370   0x00000154   Code   RO           61    i.showPerfomance2   display.o
    0x000124c4   0x000000a4   Code   RO           62    i.showPower         display.o
    0x00012568   0x00000128   Code   RO           63    i.showRun0          display.o
    0x00012690   0x000000dc   Code   RO           64    i.showScale         display.o
    0x0001276c   0x00000108   Code   RO           65    i.showSet0          display.o
    0x00012874   0x0000015c   Code   RO          730    i.targetInit        LPC1754_A_LIB.lib(hal.o)
    0x000129d0   0x0000007c   Code   RO          219    i.timer0Init        hal.o
    0x00012a4c   0x00000104   Code   RO          220    i.uartInit          hal.o
    0x00012b50   0x000000bc   Code   RO          883    i.verChin           LPC1754_A_LIB.lib(lcd.o)
    0x00012c0c   0x000000a0   Code   RO          884    i.verEng            LPC1754_A_LIB.lib(lcd.o)
    0x00012cac   0x0000009c   Code   RO          885    i.verString         LPC1754_A_LIB.lib(lcd.o)
    0x00012d48   0x000000f8   Code   RO          886    i.wrLcdC            LPC1754_A_LIB.lib(lcd.o)
    0x00012e40   0x00000100   Code   RO          887    i.wrLcdD            LPC1754_A_LIB.lib(lcd.o)
    0x00012f40   0x0000003e   Code   RO          801    i.zyIsrSet          LPC1754_A_LIB.lib(i2c.o)
    0x00012f7e   0x00000002   PAD
    0x00012f80   0x0000002c   Code   RO         1213    locale$$code        c_w.l(lc_numeric_c.o)
    0x00012fac   0x0000002c   Code   RO         1228    locale$$code        c_w.l(lc_ctype_c.o)
    0x00012fd8   0x00000062   Code   RO         1064    x$fpl$d2f           fz_ws.l(d2f.o)
    0x0001303a   0x00000002   PAD
    0x0001303c   0x00000010   Code   RO         1381    x$fpl$dcheck1       fz_ws.l(dcheck1.o)
    0x0001304c   0x00000018   Code   RO         1137    x$fpl$dcmpinf       fz_ws.l(dcmpi.o)
    0x00013064   0x000002b0   Code   RO         1067    x$fpl$ddiv          fz_ws.l(ddiv.o)
    0x00013314   0x00000078   Code   RO         1321    x$fpl$deqf          fz_ws.l(deqf.o)
    0x0001338c   0x0000005a   Code   RO         1070    x$fpl$dfixu         fz_ws.l(dfixu.o)
    0x000133e6   0x00000002   PAD
    0x000133e8   0x00000078   Code   RO         1074    x$fpl$dleqf         fz_ws.l(dleqf.o)
    0x00013460   0x00000154   Code   RO         1076    x$fpl$dmul          fz_ws.l(dmul.o)
    0x000135b4   0x0000009c   Code   RO         1139    x$fpl$dnaninf       fz_ws.l(dnaninf.o)
    0x00013650   0x0000000c   Code   RO         1141    x$fpl$dretinf       fz_ws.l(dretinf.o)
    0x0001365c   0x0000006c   Code   RO         1078    x$fpl$drleqf        fz_ws.l(drleqf.o)
    0x000136c8   0x00000056   Code   RO         1080    x$fpl$f2d           fz_ws.l(f2d.o)
    0x0001371e   0x00000002   PAD
    0x00013720   0x000000c4   Code   RO         1082    x$fpl$fadd          fz_ws.l(faddsub_clz.o)
    0x000137e4   0x00000018   Code   RO         1143    x$fpl$fcmpinf       fz_ws.l(fcmpi.o)
    0x000137fc   0x00000184   Code   RO         1089    x$fpl$fdiv          fz_ws.l(fdiv.o)
    0x00013980   0x00000068   Code   RO         1092    x$fpl$feqf          fz_ws.l(feqf.o)
    0x000139e8   0x0000003e   Code   RO         1094    x$fpl$ffixu         fz_ws.l(ffixu.o)
    0x00013a26   0x00000002   PAD
    0x00013a28   0x00000030   Code   RO         1099    x$fpl$fflt          fz_ws.l(fflt_clz.o)
    0x00013a58   0x00000026   Code   RO         1098    x$fpl$ffltu         fz_ws.l(fflt_clz.o)
    0x00013a7e   0x00000002   PAD
    0x00013a80   0x00000068   Code   RO         1104    x$fpl$fleqf         fz_ws.l(fleqf.o)
    0x00013ae8   0x00000102   Code   RO         1106    x$fpl$fmul          fz_ws.l(fmul.o)
    0x00013bea   0x0000008c   Code   RO         1145    x$fpl$fnaninf       fz_ws.l(fnaninf.o)
    0x00013c76   0x0000000a   Code   RO         1147    x$fpl$fretinf       fz_ws.l(fretinf.o)
    0x00013c80   0x00000062   Code   RO         1108    x$fpl$frleqf        fz_ws.l(frleqf.o)
    0x00013ce2   0x00000002   PAD
    0x00013ce4   0x000000ea   Code   RO         1084    x$fpl$fsub          fz_ws.l(faddsub_clz.o)
    0x00013dce   0x00000004   Code   RO         1110    x$fpl$printf1       fz_ws.l(printf1.o)
    0x00013dd2   0x00000064   Code   RO         1408    x$fpl$retnan        fz_ws.l(retnan.o)
    0x00013e36   0x0000005c   Code   RO         1342    x$fpl$scalbn        fz_ws.l(scalbn.o)
    0x00013e92   0x00000004   Code   RO         1217    x$fpl$scanf1        fz_ws.l(scanf1.o)
    0x00013e96   0x00000008   Code   RO         1294    x$fpl$scanf2        fz_ws.l(scanf2.o)
    0x00013e9e   0x00000030   Code   RO         1414    x$fpl$trapveneer    fz_ws.l(trapv.o)
    0x00013ece   0x00000000   Code   RO         1149    x$fpl$usenofp       fz_ws.l(usenofp.o)
    0x00013ece   0x00000002   PAD
    0x00013ed0   0x00000080   Data   RO          310    .constdata          main.o
    0x00013f50   0x00000011   Data   RO         1044    .constdata          c_w.l(__printf_flags_wp.o)
    0x00013f61   0x00000003   PAD
    0x00013f64   0x00000094   Data   RO         1188    .constdata          c_w.l(bigflt0.o)
    0x00013ff8   0x00000020   Data   RO         1432    Region$$Table       anon$$obj.o
    0x00014018   0x00000008   Data   RO         1289    c$$dinf             fz_ws.l(fpconst.o)
    0x00014020   0x0000001c   Data   RO         1212    locale$$data        c_w.l(lc_numeric_c.o)
    0x0001403c   0x00000110   Data   RO         1227    locale$$data        c_w.l(lc_ctype_c.o)


    Execution Region RW_IRAM1 (Base: 0x10000000, Size: 0x00001fc8, Max: 0x00004000, ABSOLUTE, COMPRESSED[0x00000008])

    Base Addr    Size         Type   Attr      Idx    E Section Name        Object

    0x10000000   0x00000010   Data   RW            5    .data               cs5460.o
    0x10000010   0x00000008   Data   RW          221    .data               hal.o
    0x10000018   0x00000212   Data   RW          311    .data               main.o
    0x1000022a   0x00000002   Data   RW          511    .data               setting.o
    0x1000022c   0x00000017   Data   RW          802    .data               LPC1754_A_LIB.lib(i2c.o)
    0x10000243   0x00000001   PAD
    0x10000244   0x00000008   Data   RW          889    .data               LPC1754_A_LIB.lib(lcd.o)
    0x1000024c   0x000014d8   Zero   RW          309    .bss                main.o
    0x10001724   0x00000040   Zero   RW          888    .bss                LPC1754_A_LIB.lib(lcd.o)
    0x10001764   0x00000060   Zero   RW         1151    .bss                c_w.l(libspace.o)
    0x100017c4   0x00000004   PAD
    0x100017c8   0x00000000   Zero   RW          630    HEAP                startup_lpc17xx.o
    0x100017c8   0x00000800   Zero   RW          629    STACK               startup_lpc17xx.o


==============================================================================

Image component sizes


      Code (inc. data)   RO Data    RW Data    ZI Data      Debug   Object Name

      1552        224          0         16          0       7109   cs5460.o
      5492       1974          0          0          0      10790   display.o
      1540        212          0          8          0       5660   hal.o
     30668       4242        128        530       5336      41111   main.o
      9966       1258          0          2          0      12895   setting.o
        56         22        204          0       2048        972   startup_lpc17xx.o
     13286      13286          0          0          0        176   zk.o

    ----------------------------------------------------------------------
     62560      21218        364        556       7384      78713   Object Totals
         0          0         32          0          0          0   (incl. Generated)
         0          0          0          0          0          0   (incl. Padding)

    ----------------------------------------------------------------------

      Code (inc. data)   RO Data    RW Data    ZI Data      Debug   Library Member Name

      1388        184          0          0          0       5582   cs5460.o
      1632         98          0          0          0       4211   hal.o
       958        136          0         23          0       4586   i2c.o
      2442        286          0          8         64      10334   lcd.o
        58          0          0          0          0          0   __dczerorl.o
         8          0          0          0          0         68   __main.o
       312          4         17          0          0         92   __printf_flags_wp.o
        14          0          0          0          0         68   __printf_wp.o
         0          0          0          0          0          0   __rtentry.o
        12          0          0          0          0          0   __rtentry2.o
         6          0          0          0          0          0   __rtentry4.o
        52          8          0          0          0          0   __scatter.o
        28          0          0          0          0          0   __scatter_zi.o
        28          0          0          0          0         68   _chval.o
        48          6          0          0          0         96   _printf_char_common.o
         6          0          0          0          0          0   _printf_d.o
       120         16          0          0          0         92   _printf_dec.o
         6          0          0          0          0          0   _printf_f.o
      1050          0          0          0          0        216   _printf_fp_dec.o
       128         16          0          0          0         84   _printf_fp_infnan.o
       178          0          0          0          0         88   _printf_intcommon.o
        78          0          0          0          0        108   _printf_pad.o
         0          0          0          0          0          0   _printf_percent.o
         4          0          0          0          0          0   _printf_percent_end.o
        22          0          0          0          0        100   _rserrno.o
        64          0          0          0          0         84   _sgetc.o
        10          0          0          0          0         68   _sputc.o
       158          0          0          0          0         92   _strtoul.o
        26          0          0          0          0         80   atoi.o
       220          4        148          0          0         96   bigflt0.o
      2074        132          0          0          0        940   btod.o
        18          0          0          0          0         80   exit.o
         6          0          0          0          0        152   heapauxi.o
         0          0          0          0          0          0   indicate_semi.o
        18          0          0          0          0         76   isspace.o
        44         10        272          0          0         76   lc_ctype_c.o
        44         10         28          0          0         76   lc_numeric_c.o
         2          0          0          0          0          0   libinit.o
        30          0          0          0          0          0   libinit2.o
         2          0          0          0          0          0   libshutdown.o
         2          0          0          0          0          0   libshutdown2.o
         8          4          0          0         96         68   libspace.o
        38          0          0          0          0         68   llshl.o
       138          0          0          0          0         80   lludiv10.o
        40          6          0          0          0         84   noretval__2sprintf.o
        16          4          0          0          0         76   rt_ctype_table.o
         8          4          0          0          0         68   rt_errno_addr_intlibspace.o
         8          4          0          0          0         68   rt_locale_intlibspace.o
        68          0          0          0          0         68   rt_memclr.o
        78          0          0          0          0         80   rt_memclr_w.o
         2          0          0          0          0          0   rtexit.o
        10          0          0          0          0          0   rtexit2.o
      1188         12          0          0          0        148   scanf_fp.o
       800         14          0          0          0        100   scanf_hexfp.o
       308         16          0          0          0        100   scanf_infnan.o
       128          0          0          0          0         68   strcmpv7m.o
       164         14          0          0          0        120   strtod.o
       112          0          0          0          0         88   strtol.o
        12          4          0          0          0         68   sys_exit.o
        74          0          0          0          0         80   sys_stackheap_outer.o
         2          0          0          0          0         68   use_no_semi.o
        98          4          0          0          0         92   d2f.o
        16          4          0          0          0         68   dcheck1.o
        24          0          0          0          0         68   dcmpi.o
       688        140          0          0          0        208   ddiv.o
       120          4          0          0          0         92   deqf.o
        90          4          0          0          0         92   dfixu.o
       120          4          0          0          0         92   dleqf.o
       340         12          0          0          0        104   dmul.o
       156          4          0          0          0         92   dnaninf.o
        12          0          0          0          0         68   dretinf.o
       108          0          0          0          0         80   drleqf.o
        86          4          0          0          0         84   f2d.o
       430          8          0          0          0        168   faddsub_clz.o
        24          0          0          0          0         68   fcmpi.o
       388         76          0          0          0         96   fdiv.o
       104          4          0          0          0         84   feqf.o
        62          4          0          0          0         84   ffixu.o
        86          0          0          0          0        136   fflt_clz.o
       104          4          0          0          0         84   fleqf.o
       258          4          0          0          0         84   fmul.o
       140          4          0          0          0         84   fnaninf.o
         0          0          8          0          0          0   fpconst.o
        10          0          0          0          0         68   fretinf.o
        98          0          0          0          0         68   frleqf.o
         4          0          0          0          0         68   printf1.o
       100          0          0          0          0         68   retnan.o
        92          0          0          0          0         68   scalbn.o
         4          0          0          0          0         68   scanf1.o
         8          0          0          0          0         84   scanf2.o
        48          0          0          0          0         68   trapv.o
         0          0          0          0          0          0   usenofp.o
        42          0          0          0          0         84   atof.o
        30          6          0          0          0        136   dunder.o
        40          0          0          0          0         68   fpclassify.o
        88          8          0          0          0         76   frexp.o
       138          0          0          0          0        160   ldexp.o
       152          4          0          0          0        168   narrow.o

    ----------------------------------------------------------------------
     18852       1296        476         32        164      32393   Library Totals
        46          2          3          1          4          0   (incl. Padding)

    ----------------------------------------------------------------------

      Code (inc. data)   RO Data    RW Data    ZI Data      Debug   Library Name

      6420        704          0         31         64      24713   LPC1754_A_LIB.lib
      8078        288        465          0         96       4400   c_w.l
      3818        284          8          0          0       2588   fz_ws.l
       490         18          0          0          0        692   m_ws.l

    ----------------------------------------------------------------------
     18852       1296        476         32        164      32393   Library Totals

    ----------------------------------------------------------------------

==============================================================================


      Code (inc. data)   RO Data    RW Data    ZI Data      Debug   

     81412      22514        840        588       7548     100650   Grand Totals
     81412      22514        840          8       7548     100650   ELF Image Totals (compressed)
     81412      22514        840          8          0          0   ROM Totals

==============================================================================

    Total RO  Size (Code + RO Data)                82252 (  80.32kB)
    Total RW  Size (RW Data + ZI Data)              8136 (   7.95kB)
    Total ROM Size (Code + RO Data + RW Data)      82260 (  80.33kB)

==============================================================================

